WARNING: Position জাতীয় সংসদ সদস্য (Q13058882) not in boundary associated_wikidata_positions
WARNING: Position বাংলাদেশের প্রধানমন্ত্রী (Q14565638) not in boundary associated_wikidata_positions
WARNING: the district বাংলাদেশ (Q902) wasn't found in the boundary data for position বাংলাদেশের প্রধানমন্ত্রী (Q14565638)
